$ /tmp/taskflow-e01-tf00307/harness/t1bench --cmd 'env BUN_RUNTIME_TRANSPILER_CACHE_PATH=0 bun run typecheck >/dev/null' --n 15 --state warm --prepare 'python3 ../../measurements/scripts/prepare_state.py --mode typescript-warm-check --candidate D' --experiment E01 --fixture w1-fast-project-check --out /private/tmp/taskflow-tf-003.07/experiments/e01-authoring-schema/measurements/results/primary/D/warm-driver-build-or-typecheck --source-revision ca87b81869b3b22630a3772da481d5088b0816ef --cpu 'Apple M5 Max' --cores 18 --ram-gib 64 --os-name darwin --os-version 26.5.2 --os-build 25F84 --os-arch arm64 --cache-dim package_install=locked-and-present --cache-dim runtime_transpiler_cache=disabled --cache-dim typescript=noEmit-nonincremental-preinvoked-each-sample --toolchain bun@1.3.13 --toolchain typescript@5.9.3
t1bench: collecting 15 sample(s) of "env BUN_RUNTIME_TRANSPILER_CACHE_PATH=0 bun run typecheck >/dev/null" (state=warm, prepare="python3 ../../measurements/scripts/prepare_state.py --mode typescript-warm-check --candidate D")
$ tsc -p tsconfig.json
$ tsc -p tsconfig.json
$ tsc -p tsconfig.json
$ tsc -p tsconfig.json
$ tsc -p tsconfig.json
$ tsc -p tsconfig.json
$ tsc -p tsconfig.json
$ tsc -p tsconfig.json
$ tsc -p tsconfig.json
$ tsc -p tsconfig.json
$ tsc -p tsconfig.json
$ tsc -p tsconfig.json
$ tsc -p tsconfig.json
$ tsc -p tsconfig.json
$ tsc -p tsconfig.json
$ tsc -p tsconfig.json
$ tsc -p tsconfig.json
$ tsc -p tsconfig.json
$ tsc -p tsconfig.json
$ tsc -p tsconfig.json
$ tsc -p tsconfig.json
$ tsc -p tsconfig.json
$ tsc -p tsconfig.json
$ tsc -p tsconfig.json
$ tsc -p tsconfig.json
$ tsc -p tsconfig.json
$ tsc -p tsconfig.json
$ tsc -p tsconfig.json
$ tsc -p tsconfig.json
$ tsc -p tsconfig.json
t1bench: wrote /private/tmp/taskflow-tf-003.07/experiments/e01-authoring-schema/measurements/results/primary/D/warm-driver-build-or-typecheck/record.json (median=0.335s p95=0.341s)

exit_code=0
elapsed_seconds=10.566360042
